NO
F
A
S
F
A
G F G F
A A A
S S
F G F G F F G
A A A A A A A A
S S S C C S C S S S S C C S
a a a b b a b a a a a b b a
