YES
S										
		B								
		S								
				B						
A		A		S		A		A		
a		a		b		a		a		
